
> my-port@0.0.0 build
> tsc -b && vite build

[36mvite v8.0.8 [32mbuilding client environment for production...[36m[39m
[2K
transforming...Γ£ô 2132 modules transformed.
rendering chunks...
computing gzip size...
dist/index.html                   0.45 kB Γöé gzip:   0.29 kB
dist/assets/index-D347SCON.css    0.70 kB Γöé gzip:   0.37 kB
dist/assets/index-DWi1wlsI.js   327.81 kB Γöé gzip: 104.91 kB

[32mΓ£ô built in 1.15s[39m
